
> simbioma-web@0.1.0 build
> next build

node.exe : 
[baseline-browser-mapping] The 
data in this module is over 
two months old.  To ensure 
accurate Baseline data, please 
update: `npm i baseline-browser
-mapping@latest -D`
En línea: 1 Carácter: 1
+ & "C:\Program 
Files\nodejs/node.exe" 
"C:\Program 
Files\nodejs/node_mo ...
+ ~~~~~~~~~~~~~~~~~~~~~~~~~~~~~
~~~~~~~~~~~~~~~~~~~~~~~~~~~~~~~
~~~~~~~~~
    + CategoryInfo          :  
   NotSpecified: ([baseline-b  
  rows...ping@latest -D`:Str   
 ing) [], RemoteException
    + FullyQualifiedErrorId :  
   NativeCommandError
 
   ▲ Next.js 16.0.3 (Turbopack)
   - Environments: .env.local

 ⚠ The "middleware" file 
convention is deprecated. 
Please use "proxy" instead. 
Learn more: https://nextjs.org/
docs/messages/middleware-to-pro
xy
   Creating an optimized production build ...
[baseline-browser-mapping] The 
data in this module is over 
two months old.  To ensure 
accurate Baseline data, please 
update: `npm i baseline-browser
-mapping@latest -D`

> Build error occurred
Error: Turbopack build failed 
with 1 errors:
./components/brand/Logo.tsx
Code generation for chunk item 
errored
An error occurred while 
generating the chunk item [proj
ect]/components/brand/Logo.tsx 
[app-client] (ecmascript)

Caused by:
- the chunking context 
(unknown) does not support 
external modules (request: figm
a:asset/0b4da7658131c39a09b6a78
c3977cf479234cd0e.png)

Debug info:
- An error occurred while 
generating the chunk item [proj
ect]/components/brand/Logo.tsx 
[app-client] (ecmascript)
- Execution of 
<ModuleChunkItem as EcmascriptC
hunkItem>::content_with_async_m
odule_info failed
- Execution of *EcmascriptChunk
ItemContent::new failed
- Execution of 
EcmascriptModuleContent::new 
failed
- the chunking context 
(unknown) does not support 
external modules (request: figm
a:asset/0b4da7658131c39a09b6a78
c3977cf479234cd0e.png)

Import traces:
  Client Component Browser:
    
./components/brand/Logo.tsx 
[Client Component Browser]
    ./components/layout/Dashboa
rdSidebar.tsx [Client 
Component Browser]
    ./app/dashboard/layout.tsx 
[Client Component Browser]
    ./app/dashboard/layout.tsx 
[Server Component]

  Client Component SSR:
    
./components/brand/Logo.tsx 
[Client Component SSR]
    ./components/layout/Dashboa
rdSidebar.tsx [Client 
Component SSR]
    ./app/dashboard/layout.tsx 
[Client Component SSR]
    ./app/dashboard/layout.tsx 
[Server Component]


    at ignore-listed frames
